{
  "checks": [
    "PC 1体タップ選択",
    "PC 選択直後のドラッグ移動・一回確定",
    "PC UI Undo",
    "PC 10体ドラッグ範囲選択",
    "PC 10体移動・陣形維持・選択操作中カメラ不変",
    "PC 50体ドラッグ範囲選択",
    "PC 50体移動・陣形維持・選択操作中カメラ不変",
    "PC TEAM全選択ボタン",
    "PC 移動途中の2本指パン・ピンチで移動取消／選択保持",
    "PC pointercancelで無変更",
    "PC モード変更で移動取消",
    "PC カメラ回転・選択保持",
    "PC 選択解除・数表示",
    "PC Shift追加選択",
    "PC 明示的移動ボタン・地面タップでも陣形保持",
    "PC 無効移動は無変更・Undo消費なし",
    "PC 範囲選択途中の2本指で選択取消",
    "PC Escape選択解除",
    "PC 移動後の保存・読込と選択状態リセット",
    "PC 戦闘開始で編集ジェスチャー分離",
    "Android相当イベント 1体タップ選択",
    "Android相当イベント 選択直後のドラッグ移動・一回確定",
    "Android相当イベント UI Undo",
    "Android相当イベント 10体ドラッグ範囲選択",
    "Android相当イベント 10体移動・陣形維持・選択操作中カメラ不変",
    "Android相当イベント 50体ドラッグ範囲選択",
    "Android相当イベント 50体移動・陣形維持・選択操作中カメラ不変",
    "Android相当イベント TEAM全選択ボタン",
    "Android相当イベント 移動途中の2本指パン・ピンチで移動取消／選択保持",
    "Android相当イベント pointercancelで無変更",
    "Android相当イベント モード変更で移動取消",
    "Android相当イベント カメラ回転・選択保持",
    "Android相当イベント 選択解除・数表示",
    "Android相当イベント Shift追加選択",
    "Android相当イベント 明示的移動ボタン・地面タップでも陣形保持",
    "Android相当イベント 無効移動は無変更・Undo消費なし",
    "Android相当イベント 範囲選択途中の2本指で選択取消",
    "Android相当イベント Escape選択解除",
    "Android相当イベント 移動後の保存・読込と選択状態リセット",
    "Android相当イベント 戦闘開始で編集ジェスチャー分離",
    "300体選択ハイライト：既存インスタンス描画に1500パーツ追加・Draw Call増加0（WebGLアダプター）"
  ]
}
